VSTest version 18.8.0 (x64)

Starting test execution, please wait...
A total of 1 test files matched the specified pattern.
  Passed CachedSettingSetCanLookupAndParse [177 ms]
  Passed CachedSettingSetUsesCacheOnSecondLookup [5 ms]
  Passed CachedSettingSetReParsesOnChange [11 ms]
  Passed CachedSettingCanLookupAndParse [63 ms]
  Passed CachedSettingUsesCacheOnSecondLookup [7 ms]
  Passed CachedSettingReParsesOnChange [9 ms]
  Passed CanSerializeMemberTypeSetting [< 1 ms]
  Passed CanDeserializeMemberTypeSetting [1 ms]
  Passed ParsesModifiedFile [41 ms]
  Passed ParsesStagedAddedFile [< 1 ms]
  Passed ParsesUntrackedFile [< 1 ms]
  Passed ExcludesDeletedFile [< 1 ms]
  Passed ExcludesIgnoredFile [< 1 ms]
  Passed ParsesRenamedFile_ReturnsNewPath [< 1 ms]
  Passed IgnoresEmptyLines [< 1 ms]
  Passed ParsesMultipleEntries [< 1 ms]
  Passed ParsesQuotedPathWithSpaces [< 1 ms]
  Passed NullOrEmpty_ReturnsEmpty [< 1 ms]
  Passed ReturnsChangedFiles_FromGitOutput [1 ms]
  Passed NotAGitRepo_ReturnsEmpty [< 1 ms]
  Passed ConvertsEmptyListFieldInitialization [319 ms]
  Passed ConvertsListWithInitializerElements [57 ms]
  Passed ConvertsLocalListDeclaration [< 1 ms]
  Passed ConvertsArrayWithInitializerElements [16 ms]
  Passed ConvertsExplicitlyEmptyArray [1 ms]
  Passed ConvertsImplicitArrayCreation [3 ms]
  Passed ConvertsAutoPropertyInitializer [12 ms]
  Passed SkipsListWithConstructorArguments [2 ms]
  Passed SkipsWhenDeclaredTypeDiffersFromCreatedType [< 1 ms]
  Passed SkipsSizedArrayWithoutInitializer [< 1 ms]
  Passed SkipsNonListGenericType [< 1 ms]
  Passed ConvertsDirectOptionsAllocationInJsonSerializerCall [33 ms]
  Passed ConvertsNamedOptionsArgument [1 ms]
  Passed ConvertsFullyQualifiedJsonSerializerCall [< 1 ms]
  Passed SkipsConfiguredOptionsInitializer [2 ms]
  Passed SkipsOptionsConstructorWithArguments [< 1 ms]
  Passed SkipsNonJsonSerializerCalls [2 ms]
  Passed SimplifiesParenthesizedLambdaWithReturnStatement [10 ms]
  Passed SimplifiesLambdaWithSingleExpressionStatement [8 ms]
  Passed SkipsLambdaWithMultipleStatements [2 ms]
  Passed SkipsLambdaWithBareReturn [< 1 ms]
  Passed SimplifiesAnonymousDelegateWithReturnStatement [7 ms]
  Passed SimplifiesParameterlessAnonymousDelegateWithExpressionStatement [< 1 ms]
  Passed ConvertsSingleBlockNamespaceToFileScoped [9 ms]
  Passed PreservesUsingsInsideNamespaceAndDedents [< 1 ms]
  Passed AlreadyFileScoped_ReturnsUnchanged [1 ms]
  Passed MultipleNamespaces_ReturnsUnchanged [< 1 ms]
  Passed NoNamespace_ReturnsUnchanged [< 1 ms]
  Passed NestedNamespace_ReturnsUnchanged [< 1 ms]
  Passed PreservesFileHeaderAndOuterUsings [< 1 ms]
  Passed HasMultipleNamespaces_MultipleTopLevelNamespaces_ReturnsTrue [< 1 ms]
  Passed HasMultipleNamespaces_NestedNamespace_ReturnsTrue [< 1 ms]
  Passed HasMultipleNamespaces_SingleBlockNamespace_ReturnsFalse [< 1 ms]
  Passed HasMultipleNamespaces_SingleFileScopedNamespace_ReturnsFalse [< 1 ms]
  Passed HasMultipleNamespaces_NoNamespace_ReturnsFalse [< 1 ms]
  Passed ConvertsRealWorldReproFile_MultipleClassesFieldsPropertiesAndMethods [21 ms]
  Passed FixNamespace_UpdatesBlockScopedNamespace [1 ms]
  Passed FixNamespace_UpdatesFileScopedNamespace [< 1 ms]
  Passed FixNamespace_AlreadyMatching_ReturnsUnchanged [< 1 ms]
  Passed FixNamespace_MultipleNamespaces_ReturnsUnchanged [< 1 ms]
  Passed FixNamespace_NoNamespace_ReturnsUnchanged [< 1 ms]
  Passed InsertsBlankLineBeforeReturn_WhenPrecededByOtherStatements [14 ms]
  Passed InsertsBlankLineBeforeThrow_WhenPrecededByOtherStatements [1 ms]
  Passed DoesNotInsertBlankLine_WhenReturnIsTheOnlyStatement [< 1 ms]
  Passed DoesNotInsertBlankLine_WhenReturnIsFirstStatementFollowedByUnreachableCode [8 ms]
  Passed IsIdempotent_WhenBlankLineAlreadyPresent [< 1 ms]
  Passed InsertsBlankLineBeforeReturn_InsideIfBlock [2 ms]
  Passed HandlesMultipleCandidatesInTheSameFile [< 1 ms]
  Passed EmptySource_ReturnsUnchanged [< 1 ms]
  Passed NullSource_ReturnsNull [< 1 ms]
  Passed ConvertsObjectCreationWithMatchingType [2 ms]
  Passed SkipsMethodInvocation [< 1 ms]
  Passed SkipsLiteral [< 1 ms]
  Passed SkipsWhenDeclaredTypeDiffersFromCreatedType [< 1 ms]
  Passed ConvertsCastWithMatchingType [2 ms]
  Passed ConvertsArrayCreationWithMatchingElementType [< 1 ms]
  Passed SkipsAlreadyVar [< 1 ms]
  Passed SkipsFieldDeclaration [< 1 ms]
  Passed PreservesUnrelatedCode [< 1 ms]
  Passed FieldAssignedOnlyInConstructor_BecomesReadonly [16 ms]
  Passed FieldWithInitializerOnlyNeverWrittenElsewhere_BecomesReadonly [< 1 ms]
  Passed FieldAssignedInRegularMethod_StaysMutable [< 1 ms]
  Passed FieldPassedAsRefArgumentInConstructor_BecomesReadonly [< 1 ms]
  Passed FieldPassedAsOutArgumentInConstructor_BecomesReadonly [1 ms]
  Passed FieldPassedAsRefArgumentInMethod_StaysMutable [< 1 ms]
  Passed FieldWithCompoundAssignmentInMethod_StaysMutable [< 1 ms]
  Passed FieldAlreadyReadonly_Unchanged [< 1 ms]
  Passed ConstField_Unchanged [< 1 ms]
  Passed StaticFieldAssignedInStaticConstructor_BecomesReadonly [< 1 ms]
  Passed FieldAssignedInsideLambdaInsideConstructor_StaysMutable [< 1 ms]
  Passed PartialClass_FieldsUnchanged [< 1 ms]
  Passed PublicField_StaysMutable [< 1 ms]
  Passed MultiVariableFieldDeclaration_Unchanged [< 1 ms]
  Passed InternalClassWithNoDerivedTypeInFile_BecomesSealed [3 ms]
  Passed ClassWithNoAccessModifier_BecomesSealed [< 1 ms]
  Passed ClassWithDerivedClassInSameFile_StaysUnsealed [4 ms]
  Passed AlreadySealedClass_Unchanged [< 1 ms]
  Passed AbstractClass_Unchanged [< 1 ms]
  Passed StaticClass_Unchanged [< 1 ms]
  Passed PartialClass_Unchanged [< 1 ms]
  Passed PublicClass_StaysUnsealed [< 1 ms]
  Passed ClassImplementingInterface_BecomesSealed [< 1 ms]
  Passed NestedClassIsNotSealed_OnlyOuterConsidered [< 1 ms]
  Passed UnsortedUsings_GetSortedAlphabetically [13 ms]
  Passed AlreadySortedUsings_Unchanged [< 1 ms]
  Passed SystemNamespaces_SortedFirst [< 1 ms]
  Passed SystemSubNamespaces_GroupedBeforeOthers [< 1 ms]
  Passed StaticUsings_SortedAfterRegularUsings [< 1 ms]
  Passed AliasUsings_SortedLast [1 ms]
  Passed NamespaceScopedUsings_SortedWithIndentationPreserved [4 ms]
  Passed FileScopedNamespaceUsings_Sorted [3 ms]
  Passed UsingsWithComment_LeftUntouched [< 1 ms]
  Passed UsingsWithPreprocessorDirective_LeftUntouched [6 ms]
  Passed GlobalUsings_LeftUntouched [< 1 ms]
  Passed SingleUsing_Unchanged [< 1 ms]
  Passed NoUsings_Unchanged [< 1 ms]
  Passed EmptySource_Unchanged [< 1 ms]
  Passed NullSource_ReturnsNull [< 1 ms]
  Passed BlankLineBeforeNamespace_Preserved [< 1 ms]
  Passed IndentationTab_ExpandedToFourSpacesByDefault [14 ms]
  Passed IndentationTab_ExpandedToCustomTabSize [< 1 ms]
  Passed TabInsideStringLiteral_Preserved [< 1 ms]
  Passed TabInsideVerbatimString_Preserved [1 ms]
  Passed NoTabs_Unchanged [< 1 ms]
  Passed EmptySource_Unchanged [< 1 ms]
  Passed NullSource_ReturnsNull [< 1 ms]
  Passed ImplementsSourceTransformation_ApplyMatchesConvert [< 1 ms]
  Passed EmptyPipeline_ReturnsSourceUnchanged [< 1 ms]
  Passed SingleBlock_IsApplied [< 1 ms]
  Passed MultipleBlocks_RunInOrderAndFeedEachOther [< 1 ms]
  Passed NullBlocks_AreIgnored [< 1 ms]
  Passed Transformations_ExposedInOrder [1 ms]
  Passed EmptySource_ReturnsUnchanged [< 1 ms]
  Passed FullFlow_TabsThenTrailingThenSortThenFinalNewline [2 ms]
  Passed AdaptedConverters_AreComposableInPipeline [< 1 ms]
  Passed TrailingSpacesAfterCode_Removed [< 1 ms]
  Passed TrailingTabsAfterCode_Removed [< 1 ms]
  Passed WhitespaceOnlyLine_Emptied [< 1 ms]
  Passed Indentation_Preserved [< 1 ms]
  Passed TrailingWhitespaceInsideVerbatimString_Preserved [< 1 ms]
  Passed NoTrailingWhitespace_Unchanged [< 1 ms]
  Passed EmptySource_Unchanged [< 1 ms]
  Passed NullSource_ReturnsNull [< 1 ms]
  Passed ImplementsSourceTransformation [< 1 ms]
  Passed MissingFinalNewline_Added [< 1 ms]
  Passed ExistingFinalNewline_Unchanged [< 1 ms]
  Passed CrlfFileMissingFinalNewline_GetsCrlf [< 1 ms]
  Passed ExistingCrlfFinalNewline_Unchanged [< 1 ms]
  Passed MultipleTrailingNewlines_LeftUntouched [< 1 ms]
  Passed EmptySource_Unchanged [< 1 ms]
  Passed NullSource_ReturnsNull [< 1 ms]
  Passed ImplementsSourceTransformation [< 1 ms]
  Passed NoBlankLines_Unchanged [26 ms]
  Passed SingleBlankLine_Unchanged [< 1 ms]
  Passed TwoBlankLines_CollapsedToOne [< 1 ms]
  Passed ThreeBlankLines_CollapsedToOne [< 1 ms]
  Passed CrlfTwoBlankLines_CollapsedToOne [< 1 ms]
  Passed MultipleRunsOfBlankLines_AllCollapsed [< 1 ms]
  Passed BlankLinesWithWhitespace_CollapsedCorrectly [< 1 ms]
  Passed EmptyString_Unchanged [< 1 ms]
  Passed NullString_ReturnsNull [< 1 ms]
  Passed ImplementsISourceTransformation [< 1 ms]
  Passed ShouldSortItemsOfTheSameTypeByName [18 ms]
  Passed ShouldSortItemsOfTheSameTypeByOffset [4 ms]
  Passed ShouldSortByGroupType [10 ms]
  Passed ShouldSortByExplicitInterfaceMemberName [183 ms]
  Passed ShouldPlaceExplicitInterfaceMembersAtTheEndOfTheGroup [7 ms]
  Passed ApplyText_ShouldReadCSharpSectionSettings [3 ms]
  Passed ApplyText_ShouldIgnoreNonCSharpSections [< 1 ms]
  Passed ApplyText_ShouldApplyLastMatchingSection [< 1 ms]
  Passed BuildExpectedNamespace_UsesRootNamespaceAndRelativeFolders [5 ms]
  Passed BuildExpectedNamespace_UsesProjectRootWhenFileIsAtProjectRoot [< 1 ms]
  Passed BuildExpectedNamespace_SanitizesFolderNames [< 1 ms]
  Passed CallbackShouldBeCalledAtOnce [26 ms]
  Passed CallbackShouldNotBeCalledIfSettingNotChanged [115 ms]
  Passed CallbackShouldBeCalledOnceSettingChanged [19 ms]
  Passed AllCallbacksShouldBeCalledOnceSettingChanged [18 ms]
  Passed CallbackShouldBeCalledOnceAnyWatchedSettingChanged [19 ms]
  Passed HeaderFormattingTests_Copyright_Indenting [52 ms]
  Passed HeaderFormattingTests_PreservesHyphenLinesWithoutXML [5 ms]
  Passed HeaderFormattingTests_Copyright_PreservesHyphenLinesWithXML [6 ms]
  Passed SimpleFormatWithPrefixTests_KeepsPrefix [9 ms]
  Passed SimpleFormatWithPrefixTests_TrimsTrailingSpace [5 ms]
  Passed SimpleFormatWithPrefixTests_TrimsTrailingLines [5 ms]
  Passed SimpleFormatWithPrefixTests_TrimsLeadingLines [5 ms]
  Passed SimpleFormatWithPrefixTests_KeepsLeadingSpace [4 ms]
  Passed SimpleFormatWithPrefixTests_AlignsToFirstPrefix [4 ms]
  Passed SimpleFormatWithPrefixTests_NoTrailingWhitespaceOnEmptyLine [5 ms]
  Passed IgnorePrefixesTests_DoesNotWrapSingleLine [4 ms]
  Passed IgnorePrefixesTests_DoesNotWrapLineInsideComment [5 ms]
  Passed IgnorePrefixesTests_DoesNotCombineSubsequentLines [5 ms]
  Passed SimpleFormattingTests_DoesNotCreateText [5 ms]
  Passed SimpleFormattingTests_DoesNotWrapShortLines [5 ms]
  Passed SimpleFormattingTests_PreservesMultipleBlankLine [4 ms]
  Passed SimpleFormattingTests_PreservesSingleBlankLine [4 ms]
  Passed SimpleFormattingTests_NoTrailingWhitespace [5 ms]
  Passed SimpleFormattingTests_RemoveBlankLinesAfter [4 ms]
  Passed SimpleFormattingTests_RemoveBlankLinesBefore [4 ms]
  Passed SimpleFormattingTests_RemovesLineBreaks [5 ms]
  Passed SimpleFormattingTests_SkipWrapOnLastWord [5 ms]
  Passed SimpleFormattingTests_WrapOnLastWord [5 ms]
  Passed SimpleFormattingTests_HyperlinkOnNewLine [4 ms]
  Passed SimpleFormattingTests_HyperlinkBetweenWords [4 ms]
  Passed SimpleFormattingTests_WrapsLinesAsExpected [4 ms]
  Passed SimpleFormattingTests_MergesHyphenAndNonHyphenLines [4 ms]
  Passed XmlFormattingTests_AddSpaceToInsideTags [4 ms]
  Passed XmlFormattingTests_AddSpaceToTagContent [4 ms]
  Passed XmlFormattingTests_AddSpaceToTagContentWithSelfClosingTag [5 ms]
  Passed XmlFormattingTests_AddSpaceToTagContentWithSelfClosingTagMultiline [5 ms]
  Passed XmlFormattingTests_AddSpaceToTagContentShouldLeaveNoTrailingWhitespace1 [5 ms]
  Passed XmlFormattingTests_AddSpaceToTagContentShouldLeaveNoTrailingWhitespace2 [4 ms]
  Passed XmlFormattingTests_AllRootLevelTagsOnNewLine [4 ms]
  Passed XmlFormattingTests_BreakAllTags [4 ms]
  Passed XmlFormattingTests_BreakLongParagraphs [4 ms]
  Passed XmlFormattingTests_BreakTagsWhenContainsParagraphs [4 ms]
  Passed XmlFormattingTests_DoesIndentAfterLiteralContent [8 ms]
  Passed XmlFormattingTests_DoesNotIndentCloseTag [5 ms]
  Passed XmlFormattingTests_DoesNotIndentLiteralContent [7 ms]
  Passed XmlFormattingTests_DoNotAutoCollapseTags [5 ms]
  Passed XmlFormattingTests_DoNotAutoExpandTags [4 ms]
  Passed XmlFormattingTests_HyperlinkBetweenWords [5 ms]
  Passed XmlFormattingTests_HyperlinkOnNewLine [5 ms]
  Passed XmlFormattingTests_IndentsXml [5 ms]
  Passed XmlFormattingTests_IndentsXmlMultiLevel [5 ms]
  Passed XmlFormattingTests_IndentsXmlSingleLevel [5 ms]
  Passed XmlFormattingTests_InterpunctionNoSpacing [5 ms]
  Passed XmlFormattingTests_KeepShortParagraphs [5 ms]
  Passed XmlFormattingTests_RemoveSpaceFromInsideTags [5 ms]
  Passed XmlFormattingTests_RemoveSpaceFromTagContent [4 ms]
  Passed XmlFormattingTests_SplitAlwaysOnSingleTag [3 ms]
  Passed XmlFormattingTests_SplitsTagsWhenLineDoesNotFit [3 ms]
  Passed XmlFormattingTests_TagCase_Keep [3 ms]
  Passed XmlFormattingTests_TagCase_Lower [3 ms]
  Passed XmlFormattingTests_TagCase_Upper [3 ms]
  Passed XmlFormattingTests_Literal_DoesNotIndent [4 ms]
  Passed XmlFormattingTests_Literal_IndentsAfterContent [4 ms]
  Passed XmlFormattingTests_Literal_KeepFormatting [4 ms]
  Passed ListFormattingTests_DashedList [4 ms]
  Passed ListFormattingTests_NumberedList [3 ms]
  Passed ListFormattingTests_WordList [4 ms]
  Passed ListFormattingTests_XmlListWithHeader [4 ms]
  Passed ListFormattingTests_XmlListWithHeaderAndIndent [4 ms]
  Passed KeepsInlineWhenTwoAttributes [7 ms]
  Passed SplitsWhenThreeAttributes [2 ms]
  Passed FormatsCodeInsideCodeDirective [26 ms]
  Passed DoesNotFormatTagsInsideCodeDirective [< 1 ms]
  Passed FormatsCodeInsideIfBlock [4 ms]
  Passed ProtectsStringMarkupInsideForeachBlock [7 ms]
  Passed FormatsElseBlockMarkup [< 1 ms]
  Passed FormatsElseIfHeaderAndCode [< 1 ms]
  Passed FormatsTryCatchFinallyBlocks [8 ms]
  Passed IsIdempotent [< 1 ms]
  Passed GenerateXmlDocumentationForSource_InsertsSummaryParamReturnsAndException [6 ms]
  Passed GenerateXmlDocumentationForSource_RespectsMethodLimit [< 1 ms]
  Passed GenerateXmlDocumentationForSource_SkipsMethodsThatAlreadyHaveDocComments [2 ms]
  Passed GenerateXmlDocumentationForSourceInternal_IgnoresObsoleteMethodsWhenEnabled [2 ms]
  Passed GenerateXmlDocumentationForSourceInternal_IgnoresLikelyTestMethodsWhenEnabled [< 1 ms]
  Passed GenerateXmlDocumentationForSourceInternal_IgnoresMethodsMatchingRegex [2 ms]
  Passed GenerateXmlDocumentationForSourceInternal_SkipsMethodsWhenSummaryProviderReturnsNull [< 1 ms]
  Passed ApplyHeadlessCSharpTransformations_PreservesFileScopedNamespace_WhenEditorConfigWhitespaceRulesApply [38 ms]
  Passed ApplyHeadlessCSharpTransformations_UsesEditorConfigIndentStyleSpace_ForTabIndentation [8 ms]
  Passed ApplyHeadlessCSharpTransformations_PreservesPreprocessorDirectives_DuringWhitespaceCleanup [8 ms]
  Passed ApplyHeadlessCSharpTransformations_CanInsertFileHeaderAfterUsings_WithoutBreakingFileScopedNamespace [8 ms]
  Passed ApplyHeadlessCSharpTransformations_AppliesEditorConfigUsingSorting_WhenVisualStudioRemoveSortIsDisabled [8 ms]
  Passed ApplyHeadlessCSharpTransformations_AlwaysRemovesRegionDirectives_WhilePreservingIfDirectives [8 ms]
  Passed IsFixedFieldDeclaration_ReturnsTrue_ForUnsafeFixedBuffer [< 1 ms]
  Passed IsFixedFieldDeclaration_ReturnsFalse_ForRegularFields [< 1 ms]
  Passed Apply_CreatesNewFiles_AndReturnsUpdatedSource [19 ms]
  Passed Apply_PassesGeneratedAndUpdatedSourcesThroughTransformer [7 ms]
  Passed Apply_WhenNoSplitNeeded_ReturnsUnchangedWithoutCreatingFiles [1 ms]
  Passed Apply_WithTransformUpdatedSourceDisabled_OnlyTransformsGeneratedFiles [6 ms]
  Passed Apply_WhenSplitCreatesFiles_DoesNotLeaveTemporaryFiles [10 ms]
  Passed TopLevelClass_WithoutModifier_GetsInternal [3 ms]
  Passed TopLevelInterface_WithoutModifier_GetsInternal [4 ms]
  Passed TopLevelEnum_WithoutModifier_GetsInternal [5 ms]
  Passed TopLevelStruct_WithoutModifier_GetsInternal [5 ms]
  Passed TopLevelDelegate_WithoutModifier_GetsInternal [4 ms]
  Passed NestedClass_WithoutModifier_GetsPrivate [< 1 ms]
  Passed NestedEnum_WithoutModifier_GetsPrivate [< 1 ms]
  Passed Field_WithoutModifier_GetsPrivate [< 1 ms]
  Passed Method_WithoutModifier_GetsPrivate [< 1 ms]
  Passed Property_WithoutModifier_GetsPrivate [< 1 ms]
  Passed EventField_WithoutModifier_GetsPrivate [3 ms]
  Passed Constructor_WithoutModifier_GetsPrivate [1 ms]
  Passed PublicClass_IsNotModified [< 1 ms]
  Passed PublicField_IsNotModified [< 1 ms]
  Passed PartialClass_IsNotModified [< 1 ms]
  Passed PartialMethod_IsNotModified [< 1 ms]
  Passed StaticConstructor_IsNotModified [< 1 ms]
  Passed Destructor_IsNotModified [2 ms]
  Passed InterfaceMember_Method_IsNotModified [< 1 ms]
  Passed InterfaceMember_Property_IsNotModified [< 1 ms]
  Passed ExplicitInterfaceImpl_Method_IsNotModified [1 ms]
  Passed ExplicitInterfaceImpl_Property_IsNotModified [< 1 ms]
  Passed FixedField_IsNotModified [4 ms]
  Passed WhenSettingDisabled_FieldIsNotModified [< 1 ms]
  Passed WhenSettingDisabled_ClassIsNotModified [< 1 ms]
  Passed IndentationOfClass_IsPreserved [< 1 ms]
  Passed IndentationOfField_IsPreserved [< 1 ms]
  Passed TopLevelRecord_WithoutModifier_GetsInternal [5 ms]
  Passed BlankLinePaddingDisabled_ReturnsUnchanged [< 1 ms]
  Passed PaddingBeforeClass_Enabled_InsertsBlankLine [< 1 ms]
  Passed PaddingAfterClass_Enabled_InsertsBlankLine [< 1 ms]
  Failed PaddingBeforeMethod_Enabled_InsertsBlankLine [24 ms]
  Error Message:
   Assert.IsTrue failed. 
  Stack Trace:
     at CodeJanitor.UnitTests.Cleaning.BlankLinePaddingConverterTests.PaddingBeforeMethod_Enabled_InsertsBlankLine() in C:\Dev\codemaid\CodeJanitor.UnitTests\Cleaning\BlankLinePaddingConverterTests.cs:line 85

  Failed PaddingAfterMethod_Enabled_InsertsBlankLine [1 ms]
  Error Message:
   Assert.IsTrue failed. 
  Stack Trace:
     at CodeJanitor.UnitTests.Cleaning.BlankLinePaddingConverterTests.PaddingAfterMethod_Enabled_InsertsBlankLine() in C:\Dev\codemaid\CodeJanitor.UnitTests\Cleaning\BlankLinePaddingConverterTests.cs:line 102

  Passed PaddingBeforeNamespace_Enabled_InsertsBlankLine [< 1 ms]
  Passed PaddingAfterNamespace_Enabled_InsertsBlankLine [< 1 ms]
  Failed PaddingBeforeProperty_SingleLine_Enabled_InsertsBlankLine [2 ms]
  Error Message:
   Assert.IsTrue failed. 
  Stack Trace:
     at CodeJanitor.UnitTests.Cleaning.BlankLinePaddingConverterTests.PaddingBeforeProperty_SingleLine_Enabled_InsertsBlankLine() in C:\Dev\codemaid\CodeJanitor.UnitTests\Cleaning\BlankLinePaddingConverterTests.cs:line 155

  Failed PaddingBeforeProperty_MultiLine_Enabled_InsertsBlankLine [1 ms]
  Error Message:
   Assert.IsTrue failed. 
  Stack Trace:
     at CodeJanitor.UnitTests.Cleaning.BlankLinePaddingConverterTests.PaddingBeforeProperty_MultiLine_Enabled_InsertsBlankLine() in C:\Dev\codemaid\CodeJanitor.UnitTests\Cleaning\BlankLinePaddingConverterTests.cs:line 177

  Failed PaddingBeforeField_SingleLine_Enabled_InsertsBlankLine [1 ms]
  Error Message:
   Assert.IsTrue failed. 
  Stack Trace:
     at CodeJanitor.UnitTests.Cleaning.BlankLinePaddingConverterTests.PaddingBeforeField_SingleLine_Enabled_InsertsBlankLine() in C:\Dev\codemaid\CodeJanitor.UnitTests\Cleaning\BlankLinePaddingConverterTests.cs:line 196

  Failed PaddingBeforeField_MultiLine_Enabled_InsertsBlankLine [1 ms]
  Error Message:
   Assert.IsTrue failed. 
  Stack Trace:
     at CodeJanitor.UnitTests.Cleaning.BlankLinePaddingConverterTests.PaddingBeforeField_MultiLine_Enabled_InsertsBlankLine() in C:\Dev\codemaid\CodeJanitor.UnitTests\Cleaning\BlankLinePaddingConverterTests.cs:line 216

  Failed PaddingBeforeEvent_Enabled_InsertsBlankLine [1 ms]
  Error Message:
   Assert.IsTrue failed. 
  Stack Trace:
     at CodeJanitor.UnitTests.Cleaning.BlankLinePaddingConverterTests.PaddingBeforeEvent_Enabled_InsertsBlankLine() in C:\Dev\codemaid\CodeJanitor.UnitTests\Cleaning\BlankLinePaddingConverterTests.cs:line 233

  Passed PaddingBeforeStruct_Enabled_InsertsBlankLine [< 1 ms]
  Passed PaddingBeforeInterface_Enabled_InsertsBlankLine [< 1 ms]
  Passed PaddingBeforeEnum_Enabled_InsertsBlankLine [< 1 ms]
  Passed PaddingBeforeDelegate_Enabled_InsertsBlankLine [< 1 ms]
  Passed Record_PaddingBeforeClasses_Applied [< 1 ms]
  Passed EmptySource_ReturnsUnchanged [< 1 ms]
  Passed NullSource_ReturnsUnchanged [< 1 ms]
  Passed CreatePlan_KeepsTypeMatchingOriginalFileName_AndMovesOtherTypes [3 ms]
  Passed CreatePlan_EncodesGenericParametersInNewFileNames_AndResolvesCollisions [6 ms]
  Passed CreatePlan_SkipsFilesWithConditionalCompilationDirectives [1 ms]
  Passed CreatePlan_LeavesPartialAndNestedTypesInTheOriginalFile [1 ms]
  Passed CreatePlan_PreservesFileScopedNamespace_InGeneratedFiles [1 ms]
  Passed CreatePlan_SkipsFilesWithAssemblyAttributes [3 ms]
  Passed TryParseRegionDirective_AllowsTabSeparator [< 1 ms]
  Passed TryParseRegionDirective_AllowsMultipleSpacesAndTrimsName [< 1 ms]
  Passed TryParseRegionDirective_RejectsMissingWhitespaceAfterKeyword [< 1 ms]
  Passed TryParseRegionDirective_AllowsKeywordWithoutName [< 1 ms]
  Passed TryParseRegionDirective_TreatsWhitespaceOnlyNameAsEmpty [< 1 ms]
  Passed TryParseEndRegionDirective_ParsesNameWithOriginalWhitespace [< 1 ms]
  Passed TryParseEndRegionDirective_CanonicalSuffixMatchesNormalizedName [< 1 ms]
  Passed TryParseEndRegionDirective_RejectsMissingWhitespaceAfterKeyword [< 1 ms]
NUnit Adapter 4.0.0.0: Test execution started
Running all tests in C:\Dev\codemaid\CodeJanitor.UnitTests\bin\Debug\CodeJanitor.UnitTests.dll
   NUnit3TestExecutor discovered 94 of 94 NUnit test cases using Current Discovery mode, Non-Explicit run
  Passed BuildDirectiveNameSuffix_ReturnsEmpty_ForEmptyName [< 1 ms]
  Passed BuildDirectiveNameSuffix_PrependsSingleSpace_ForNonEmptyName [< 1 ms]
  Passed BuildDirectiveNameSuffix_ReturnsEmpty_ForWhitespaceOnlyName [< 1 ms]
  Passed BuildDirectiveNameSuffix_TrimsNonEmptyName [< 1 ms]
  Passed GetHeaderLengthLanguage(CSharp,"// some CSharp test header\r\n") [51 ms]
  Passed GetHeaderLengthLanguage(CSharp,"/* some C# \r\n* test\r\n header\r\n *\r\n *\r\n* !!! */\r\n") [4 ms]
  Passed GetHeaderLengthLanguage(JavaScript,"// some JavaScript test header\r\n") [< 1 ms]
  Passed GetHeaderLengthLanguage(JavaScript,"/* some JS \r\n* test \r\n header !!! */\r\n") [< 1 ms]
  Passed GetHeaderLengthLanguage(LESS,"// some LESS test header\r\n") [< 1 ms]
  Passed GetHeaderLengthLanguage(LESS,"/* some LESS \r\n* test \r\n header !!! */\r\n") [< 1 ms]
  Passed GetHeaderLengthLanguage(SCSS,"// some SCSS test header\r\n") [< 1 ms]
  Passed GetHeaderLengthLanguage(SCSS,"/* some SCSS\r\n * test\r\n header !!! */\r\n") [< 1 ms]
  Passed GetHeaderLengthLanguage(TypeScript,"// some TypeScript test header\r\n") [< 1 ms]
  Passed GetHeaderLengthLanguage(TypeScript,"/* some TypeScript\r\n* test\r\n header !!! */\r\n") [< 1 ms]
  Passed GetHeaderLengthLanguage(HTML,"<!-- some HTML test header -->\r\n") [< 1 ms]
  Passed GetHeaderLengthLanguage(HTML,"<!-- some HTML \r\n test\r\n header ! -->") [< 1 ms]
  Passed GetHeaderLengthLanguage(XAML,"<!-- some XAML test header -->\r\n") [< 1 ms]
  Passed GetHeaderLengthLanguage(XAML,"<!-- some XAML \r\n test\r\n header ! -->") [< 1 ms]
  Passed GetHeaderLengthLanguage(XML,"<!-- some XML test header -->\r\n") [< 1 ms]
  Passed GetHeaderLengthLanguage(XML,"<!-- some XML \r\n test\r\n header ! -->") [< 1 ms]
  Passed GetHeaderLengthLanguage(CSS,"/* some CSS test header */\r\n") [< 1 ms]
  Passed GetHeaderLengthLanguage(CSS,"/* some CSS \r\ntest \r\nheader */\r\n") [< 1 ms]
  Passed GetHeaderLengthLanguage(CPlusPlus,"// some CPlusPlus test header\r\n") [< 1 ms]
  Passed GetHeaderLengthLanguage(CPlusPlus,"/* some C++ \r\ntest\r\n header */\r\n") [< 1 ms]
  Passed GetHeaderLengthLanguage(PHP,"// some PHP test header\r\n") [< 1 ms]
  Passed GetHeaderLengthLanguage(PHP,"# some PHP test header\r\n") [< 1 ms]
  Passed GetHeaderLengthLanguage(PHP,"/* some PHP \r\n test\r\nheader */") [< 1 ms]
  Passed GetHeaderLengthLanguage(PowerShell,"# some PowerShell test header\r\n") [< 1 ms]
  Passed GetHeaderLengthLanguage(PowerShell,"<# some PowerShell\r\ntest\r\n  header ! #>") [< 1 ms]
  Passed GetHeaderLengthLanguage(R,"# some R test header\r\n") [< 1 ms]
  Passed GetHeaderLengthLanguage(FSharp,"// some F# test header\r\n") [< 1 ms]
  Passed GetHeaderLengthLanguage(FSharp,"(* some F#\r\n test \r\nheader\r\n*)") [< 1 ms]
  Passed GetHeaderLengthLanguage(VisualBasic,"' some PowerShell test header\r\n") [< 1 ms]
  Passed GetHeaderLengthLanguageWithWrongTags(CSharp,"# some CSharp test header\r\n") [< 1 ms]
  Passed GetHeaderLengthLanguageWithWrongTags(JavaScript,"<!-- some JavaScript test header -->\r\n") [< 1 ms]
  Passed GetHeaderLengthLanguageWithWrongTags(LESS,"' some LESS test header\r\n") [< 1 ms]
  Passed GetHeaderLengthLanguageWithWrongTags(SCSS,"# some SCSS test header\r\n") [< 1 ms]
  Passed GetHeaderLengthLanguageWithWrongTags(TypeScript,"<!-- some TypeScript test header -->\r\n") [< 1 ms]
  Passed GetHeaderLengthLanguageWithWrongTags(HTML,"// some HTML test header\r\n") [< 1 ms]
  Passed GetHeaderLengthLanguageWithWrongTags(XAML,"/* some XAML test header */\r\n") [< 1 ms]
  Passed GetHeaderLengthLanguageWithWrongTags(XML,"' some XML test header\r\n") [< 1 ms]
  Passed GetHeaderLengthLanguageWithWrongTags(CSS,"// some CSS test header\r\n") [< 1 ms]
  Passed GetHeaderLengthLanguageWithWrongTags(CPlusPlus,"# some CPlusPlus test header\r\n") [< 1 ms]
  Passed GetHeaderLengthLanguageWithWrongTags(PHP,"' some PHP test header\r\n") [< 1 ms]
  Passed GetHeaderLengthLanguageWithWrongTags(PowerShell,"/* some PowerShell\r\ntest\r\n  header ! */") [< 1 ms]
  Passed GetHeaderLengthLanguageWithWrongTags(R,"// some R test header\r\n") [< 1 ms]
  Passed GetHeaderLengthLanguageWithWrongTags(FSharp,"/* some F#\r\n test \r\nheader\r\n*/") [< 1 ms]
  Passed GetHeaderLengthLanguageWithWrongTags(VisualBasic,"// some PowerShell test header\r\n") [< 1 ms]
  Passed GetHeaderLengthMultiLine("/* */","/*","*/") [6 ms]
  Passed GetHeaderLengthMultiLine("/* \r\n   Copyright ┬⌐ 2021 \r\n */","/*","*/") [15 ms]
  Passed GetHeaderLengthMultiLine("<!-- -->","<!--","-->") [< 1 ms]
  Passed GetHeaderLengthMultiLine("<!-- =========== \r\n \r\n  Copyright ┬⌐ 2021 \r\n \r\n =========== -->","<!--","-->") [< 1 ms]
  Passed GetHeaderLengthMultiLine("<# #>","<#","#>") [< 1 ms]
  Passed GetHeaderLengthMultiLine("<# //////////////// \r\n   Copyright ┬⌐ 2021 \r\n //////////////// #>","<#","#>") [< 1 ms]
  Passed GetHeaderLengthMultiLine("(* *)","(*","*)") [< 1 ms]
  Passed GetHeaderLengthMultiLine("(* ~~~~ \r\n ~~ \r\n  Copyright ┬⌐ 2021 \r\n ~~ \r\n ~~~~ *)","(*","*)") [< 1 ms]
  Passed GetHeaderLengthMultiLineSkipUsings("using System;\r\n/* */","/*","*/",6) [< 1 ms]
  Passed GetHeaderLengthMultiLineSkipUsings("using EnvDTE;\r\nusing System;\r\nusing CodeJanitor.Helpers;\r\n/* \r\n   Copyright ┬⌐ 2021 \r\n */","/*","*/",29) [< 1 ms]
  Passed GetHeaderLengthMultiLineWithEmptyLines("\r\n/* */","/*","*/") [< 1 ms]
  Passed GetHeaderLengthMultiLineWithEmptyLines("\r\n\r\n\r\n/*    Copyright ┬⌐ 2021  */","/*","*/") [< 1 ms]
  Passed GetHeaderLengthMultiLineWithEmptyLines("\r\n\r\n<!-- -->","<!--","-->") [< 1 ms]
  Passed GetHeaderLengthMultiLineWithEmptyLinesSkipUsings("using EnvDTE;\r\nusing System;\r\nusing CodeJanitor.Helpers;\r\n\r\n\r\n/* \r\n   Copyright ┬⌐ 2021 \r\n */","/*","*/",29) [< 1 ms]
  Passed GetHeaderLengthMultiLineWithEmptyLinesSkipUsings("using System;\r\n\r\n<!-- -->","<!--","-->",9) [< 1 ms]
  Passed GetHeaderLengthMultiLineZero("","/*","*/") [< 1 ms]
  Passed GetHeaderLengthMultiLineZero("some text","/*","*/") [< 1 ms]
  Passed GetHeaderLengthMultiLineZero("/*     \r\n \r\n      ","/*","*/") [< 1 ms]
  Passed GetHeaderLengthMultiLineZero("/* header */","/*","*>") [< 1 ms]
  Passed GetHeaderLengthMultiLineZero("*/           ","/*","*/") [< 1 ms]
  Passed GetHeaderLengthMultiLineZeroSkipUsings("using System;","/*","*/") [< 1 ms]
  Passed GetHeaderLengthMultiLineZeroSkipUsings("using System;\r\n/*     \r\n \r\n      ","/*","*/") [< 1 ms]
  Passed GetHeaderLengthMultiLineZeroSkipUsings("using System;\r\n/* header */","/*","*>") [< 1 ms]
  Passed GetHeaderLengthMultiLineZeroSkipUsings("using System;\r\n*/           ","/*","*/") [< 1 ms]
  Passed GetHeaderLengthMultiSingleLine("//","// header fdsfndksjnfe\r\n") [< 1 ms]
  Passed GetHeaderLengthMultiSingleLine("#","# header eropf opekfropze jaqozerijfg uihgsdfidnffdsfg\r\n") [< 1 ms]
  Passed GetHeaderLengthMultiSingleLine("'","'header  sdvq qsudg bqudgybuydzeau _(├á├º_├º*├╣$^$*├╣├áyguozadgzao\r\n") [< 1 ms]
  Passed GetHeaderLengthMultiSingleLine("//","// ====================\r\n// Copyright\r\n// ====================\r\n") [< 1 ms]
  Passed GetHeaderLengthMultiSingleLine("#","# ==============\r\n#   Copyright !\r\n#    ~~\r\n# ==============\r\n") [< 1 ms]
  Passed GetHeaderLengthMultiSingleLine("'","' ==============\r\n' some text\r\n'   Copyright !\r\n' ==============\r\n") [< 1 ms]
  Passed GetHeaderLengthMultiSingleLineSkipUsings("//","using System;\r\n// header\r\nnamespace ",11) [< 1 ms]
  Passed GetHeaderLengthMultiSingleLineSkipUsings("//","using System;\r\n// header I\r\n// header II\r\nnamespace ",26) [< 1 ms]
  Passed GetHeaderLengthMultiSingleLineWithCode("//","//  header \r\nnamespace\r\npublic class Test\r\n",12) [< 1 ms]
  Passed GetHeaderLengthMultiSingleLineWithCode("//","//  header \r\n// more header \r\n some code\r\n",28) [< 1 ms]
  Passed GetHeaderLengthMultiSingleLineWithCode("#","# some header\r\nnamespace\r\npublic class Test\r\n",14) [< 1 ms]
  Passed GetHeaderLengthMultiSingleLineWithCode("'","' some header\r\nnamespace\r\npublic class Test\r\n",14) [< 1 ms]
  Passed GetHeaderLengthMultiSingleLineWithCodeSkipUsings("//","using System;\r\n\r\n//  header \r\nnamespace System.Windows;\r\npublic class Test\r\n",13) [< 1 ms]
  Passed GetHeaderLengthMultiSingleLineWithCodeSkipUsings("//","using EnvDTE;\r\nusing System;\r\nusing CodeJanitor.Helpers;\r\n\r\n\r\n//  header \r\n// more header \r\nnamespace CodeJanitor;\r\n",29) [< 1 ms]
  Passed GetHeaderLengthMultiSingleLineWithCodeSkipUsings("//","using System;\r\n\r\n//  header \r\n[assembly: AssemblyTitle(\"CodeJanitor.UnitTests\")]\r\nnamespace ",13) [< 1 ms]
  Passed GetHeaderLengthMultiSingleLineWithEmptyLines("//","\r\n//  header \r\n// header\r\nnamespace\r\n//not header\r\n public class Test\r\n",23) [< 1 ms]
  Passed GetHeaderLengthMultiSingleLineWithEmptyLines("//","\r\n\r\n\r\n//  header \r\n// more header \r\n some code\r\n",31) [< 1 ms]
  Passed GetHeaderLengthMultiSingleLineWithEmptyLines("#","\r\n# some header\r\nnamespace\r\npublic class Test\r\n",15) [< 1 ms]
NUnit Adapter 4.0.0.0: Test execution complete
  Passed GetHeaderLengthMultiSingleLineWithEmptyLines("'","\r\n' some header\r\nnamespace\r\npublic class Test\r\n",15) [< 1 ms]
  Passed GetHeaderLengthMultiSingleLineWithEmptyLinesSkipUsings("//","using System;\r\n\r\n\r\n//  header \r\n// header\r\nnamespace \r\n//not header\r\n public class Test\r\n",23) [< 1 ms]
  Passed GetHeaderLengthMultiSingleLineWithEmptyLinesSkipUsings("//","using EnvDTE;\r\nusing System;\r\nusing CodeJanitor.Helpers;\r\n//  header \r\n// more header \r\n namespace System.Text;\r\n{\r\n",29) [< 1 ms]
  Passed GetNbLinesToSkip("using ","","",0) [1 ms]
  Passed GetNbLinesToSkip(" using","using System;\r\nnamespace CodeJanitor","namespace ",0) [< 1 ms]
  Passed GetNbLinesToSkip("using "," using System;\r\nnamespace CodeJanitor","namespace ",1) [< 1 ms]
  Passed GetNbLinesToSkip("using ","using System;\r\nusing System.Collections;\r\n\r\nnamespace CodeJanitor","namespace ",2) [< 1 ms]
  Passed GetNbLinesToSkip("using ","using System;\r\n\r\n\r\n\r\n\r\n\r\n\r\n\r\n\r\nusing System.Collections;\r\n\r\nnamespace CodeJanitor","namespace ",10) [< 1 ms]

Test Run Failed.
Total tests: 431
     Passed: 424
     Failed: 7
 Total time: 3,4313 Seconds
